<?xml version="1.0" encoding="utf-8" standalone="yes"?>
<rss version="2.0" xmlns:atom="http://www.w3.org/2005/Atom">
  <channel>
    <title>golden on Freebiespic</title>
    <link>https://freebiespic.com/tags/golden/</link>
    <description>Recent content in golden on Freebiespic</description>
    <generator>Hugo -- gohugo.io</generator>
    <language>en-us</language>
    <lastBuildDate>Wed, 22 May 2019 16:13:53 +0700</lastBuildDate><atom:link href="https://freebiespic.com/tags/golden/index.xml" rel="self" type="application/rss+xml" />
    <item>
      <title>Leaves of norfolk island pine tree</title>
      <link>https://freebiespic.com/photos/leaves-of-norfolk-island-pine-tree/</link>
      <pubDate>Wed, 22 May 2019 16:13:53 +0700</pubDate>
      
      <guid>https://freebiespic.com/photos/leaves-of-norfolk-island-pine-tree/</guid>
      <description>Leaves of norfolk island pine tree free stock photos. Close up araucaria heterophylla leaves free images.</description>
    </item>
    
    <item>
      <title>Norfolk island pine tree</title>
      <link>https://freebiespic.com/photos/norfolk-island-pine-tree/</link>
      <pubDate>Wed, 22 May 2019 16:07:39 +0700</pubDate>
      
      <guid>https://freebiespic.com/photos/norfolk-island-pine-tree/</guid>
      <description>Close up norfolk island pine tree leaves in the garden free download images.</description>
    </item>
    
    <item>
      <title>Araucaria heterophylla leaves</title>
      <link>https://freebiespic.com/photos/araucaria-heterophylla-leaves/</link>
      <pubDate>Wed, 22 May 2019 16:07:02 +0700</pubDate>
      
      <guid>https://freebiespic.com/photos/araucaria-heterophylla-leaves/</guid>
      <description>Top view araucaria heterophylla leaves free images. Norfolk island pine tree top view free stock photos.</description>
    </item>
    
    <item>
      <title>Kalanchoe pinnata succulent plant growing</title>
      <link>https://freebiespic.com/photos/kalanchoe-pinnata/</link>
      <pubDate>Thu, 02 May 2019 10:38:06 +0700</pubDate>
      
      <guid>https://freebiespic.com/photos/kalanchoe-pinnata/</guid>
      <description>Kalanchoe pinnata succulent plant growing.</description>
    </item>
    
    <item>
      <title>Background with autumn colorful leaves</title>
      <link>https://freebiespic.com/photos/autumn-colorful-leaves/</link>
      <pubDate>Thu, 02 May 2019 09:29:57 +0700</pubDate>
      
      <guid>https://freebiespic.com/photos/autumn-colorful-leaves/</guid>
      <description>Background with autumn colorful leaves, texture orange colorful leaf.</description>
    </item>
    
  </channel>
</rss>
